// Jest Snapshot v1, https://goo.gl/fbAQLP

exports[`FormSearch should render match  snapshot 1`] = `
<form
  className="search"
  onSubmit={[Function]}
>
  <input
    className="search__input"
    name="search"
    placeholder="ex: Ho Chi Minh"
    type="search"
  />
  <button
    className="search__button"
    disabled={false}
    type="submit"
  >
    Search
  </button>
</form>
`;

exports[`Home should render match  snapshot 1`] = `
<form
  className="search"
  onSubmit={[Function]}
>
  <input
    className="search__input"
    name="search"
    placeholder="ex: Ho Chi Minh"
    type="search"
  />
  <button
    className="search__button"
    disabled={false}
    type="submit"
  >
    Search
  </button>
</form>
`;
